[debug] [2026-09-29T12:17:36.165Z] ----------------------------------------------------------------------
[debug] [2026-09-29T12:17:36.168Z] Command:       C:\Users\bvino\AppData\Local\nvm\v20.20.1\node.exe C:\Users\bvino\AppData\Local\npm-cache\_npx\7750544ccf494d8b\node_modules\firebase-tools\lib\bin\firebase.js init hosting:github -i
[debug] [2026-09-29T12:17:36.168Z] CLI Version:   15.32.0
[debug] [2026-09-29T12:17:36.168Z] Platform:      win32
[debug] [2026-09-29T12:17:36.168Z] Node Version:  v20.20.1
[debug] [2026-09-29T12:17:36.169Z] Detected Agent: open_code
[debug] [2026-09-29T12:17:36.169Z] Time:          Tue Sep 29 2026 09:17:36 GMT-0300 (Horário Padrão de Brasília)
[debug] [2026-09-29T12:17:36.169Z] ----------------------------------------------------------------------
[debug] 
[info] 
     ######## #### ########  ######## ########     ###     ######  ########
     ##        ##  ##     ## ##       ##     ##  ##   ##  ##       ##
     ######    ##  ########  ######   ########  #########  ######  ######
     ##        ##  ##    ##  ##       ##     ## ##     ##       ## ##
     ##       #### ##     ## ######## ########  ##     ##  ######  ########

You're about to initialize a Firebase project in this directory:

  E:\SITES\ocodigobrasil

Before we get started, keep in mind:

  * You are initializing within an existing Firebase project directory

[info] 
=== Project Setup
[info] 
[info] First, let's associate this project directory with a Firebase project.
[info] You can create multiple project aliases by running firebase use --add, 
[info] 
[debug] [2026-09-29T12:17:37.703Z] > command requires scopes: ["email","openid","https://www.googleapis.com/auth/cloudplatformprojects.readonly","https://www.googleapis.com/auth/firebase","https://www.googleapis.com/auth/cloud-platform"]
[debug] [2026-09-29T12:17:37.703Z] > authorizing via signed-in user (fbpaciel@gmail.com)
[debug] [2026-09-29T12:17:37.704Z] Checked if tokens are valid: true, expires at: 1790687385451
[debug] [2026-09-29T12:17:37.705Z] Checked if tokens are valid: true, expires at: 1790687385451
[debug] [2026-09-29T12:17:37.706Z] >>> [apiv2][query] GET https://firebase.googleapis.com/v1beta1/projects/ocodigobrasil-site [none]
[debug] [2026-09-29T12:17:38.325Z] <<< [apiv2][status] GET https://firebase.googleapis.com/v1beta1/projects/ocodigobrasil-site 200
[debug] [2026-09-29T12:17:38.326Z] <<< [apiv2][body] GET https://firebase.googleapis.com/v1beta1/projects/ocodigobrasil-site {"projectId":"ocodigobrasil-site","projectNumber":"152619290916","displayName":"O Codigo Brasil","name":"projects/ocodigobrasil-site","resources":{"hostingSite":"ocodigobrasil-site"},"state":"ACTIVE","labels":{"firebase":"enabled"},"etag":"1_ab21a46b-0c28-4142-9e54-abd26dd07c7a"}
[info] i  Using project ocodigobrasil-site (O Codigo Brasil) . 
[info] 
=== Hosting:github Setup
[info] 
[info] i  Detected a .git folder at E:\SITES\ocodigobrasil 
[info] i  Authorizing with GitHub to upload your service account to a GitHub repository's secrets store. 
[info] 
[info] Visit this URL on this device to log in:
[info] https://github.com/login/oauth/authorize?client_id=89cf50f02ac6aaed3484&state=647855734&redirect_uri=http%3A%2F%2Flocalhost%3A9005&scope=read%3Auser%20repo%20public_repo
[info] 
[info] Waiting for authentication...
